[debug] [2026-06-15T16:49:08.306Z] ----------------------------------------------------------------------
[debug] [2026-06-15T16:49:08.308Z] Command:       C:\Program Files\nodejs\node.exe C:\Users\klund\AppData\Roaming\npm\node_modules\firebase-tools\lib\bin\firebase.js init
[debug] [2026-06-15T16:49:08.309Z] CLI Version:   15.20.0
[debug] [2026-06-15T16:49:08.309Z] Platform:      win32
[debug] [2026-06-15T16:49:08.309Z] Node Version:  v24.14.1
[debug] [2026-06-15T16:49:08.309Z] Time:          Mon Jun 15 2026 10:49:08 GMT-0600 (hora estándar central)
[debug] [2026-06-15T16:49:08.309Z] ----------------------------------------------------------------------
[debug] 
[debug] [2026-06-15T16:49:08.312Z] >>> [apiv2][query] GET https://firebase-public.firebaseio.com/cli.json [none]
[info] 
     ######## #### ########  ######## ########     ###     ######  ########
     ##        ##  ##     ## ##       ##     ##  ##   ##  ##       ##
     ######    ##  ########  ######   ########  #########  ######  ######
     ##        ##  ##    ##  ##       ##     ## ##     ##       ## ##
     ##       #### ##     ## ######## ########  ##     ##  ######  ########

You're about to initialize a Firebase project in this directory:

  C:\Users\klund\Desktop\sitio tropi

Before we get started, keep in mind:

  * You are initializing within an existing Firebase project directory

[debug] [2026-06-15T16:49:09.629Z] <<< [apiv2][status] GET https://firebase-public.firebaseio.com/cli.json 200
[debug] [2026-06-15T16:49:09.629Z] <<< [apiv2][body] GET https://firebase-public.firebaseio.com/cli.json {"cloudBuildErrorAfter":1594252800000,"cloudBuildWarnAfter":1590019200000,"defaultNode10After":1594252800000,"minVersion":"3.0.5","node8DeploysDisabledAfter":1613390400000,"node8RuntimeDisabledAfter":1615809600000,"node8WarnAfter":1600128000000}
